Run #1: gpt vs gpt -> Game: chickengame with SPV: v2 and GPV: v9 cold 5
Run #1: gpt vs gpt -> Game: chickengame with SPV: v2 and GPV: v10 cold 5
Run #1: gpt vs gpt -> Game: chickengame with SPV: v2 and GPV: v11 cold 5
Traceback (most recent call last):
  File "/cluster/home/shmittal/LLMIdentifiers/main.py", line 261, in <module>
    answer_0 = extract_json(agent_0.chickengame_prompt(
               ^^^^^^^^^^^^^^^^^^^^^^^^^^^^^^^^^^^^^^^^
  File "/cluster/home/shmittal/LLMIdentifiers/main.py", line 112, in extract_json
    raise ValueError(f"No JSON found in the text: {text}")
ValueError: No JSON found in the text: {
  "reasoning": "Given the consistent history of both agents choosing option A, it indicates a strong pattern of cooperation
Run #2: gpt vs gpt -> Game: chickengame with SPV: v2 and GPV: v9 cold 5
Run #2: gpt vs gpt -> Game: chickengame with SPV: v2 and GPV: v10 cold 5
Run #2: gpt vs gpt -> Game: chickengame with SPV: v2 and GPV: v11 cold 5
Run #3: gpt vs gpt -> Game: chickengame with SPV: v2 and GPV: v9 cold 5
Run #3: gpt vs gpt -> Game: chickengame with SPV: v2 and GPV: v10 cold 5
Run #3: gpt vs gpt -> Game: chickengame with SPV: v2 and GPV: v11 cold 5
Run #4: gpt vs gpt -> Game: chickengame with SPV: v2 and GPV: v9 cold 5
Run #4: gpt vs gpt -> Game: chickengame with SPV: v2 and GPV: v10 cold 5
Run #4: gpt vs gpt -> Game: chickengame with SPV: v2 and GPV: v11 cold 5
Run #5: gpt vs gpt -> Game: chickengame with SPV: v2 and GPV: v9 cold 5
Run #5: gpt vs gpt -> Game: chickengame with SPV: v2 and GPV: v10 cold 5
Run #5: gpt vs gpt -> Game: chickengame with SPV: v2 and GPV: v11 cold 5
Run #6: gpt vs gpt -> Game: chickengame with SPV: v2 and GPV: v9 cold 5
Run #6: gpt vs gpt -> Game: chickengame with SPV: v2 and GPV: v10 cold 5
Run #6: gpt vs gpt -> Game: chickengame with SPV: v2 and GPV: v11 cold 5
Run #7: gpt vs gpt -> Game: chickengame with SPV: v2 and GPV: v9 cold 5
Run #7: gpt vs gpt -> Game: chickengame with SPV: v2 and GPV: v10 cold 5
Run #7: gpt vs gpt -> Game: chickengame with SPV: v2 and GPV: v11 cold 5
Run #8: gpt vs gpt -> Game: chickengame with SPV: v2 and GPV: v9 cold 5
Run #8: gpt vs gpt -> Game: chickengame with SPV: v2 and GPV: v10 cold 5
Run #8: gpt vs gpt -> Game: chickengame with SPV: v2 and GPV: v11 cold 5
Run #9: gpt vs gpt -> Game: chickengame with SPV: v2 and GPV: v9 cold 5
Run #9: gpt vs gpt -> Game: chickengame with SPV: v2 and GPV: v10 cold 5
Run #9: gpt vs gpt -> Game: chickengame with SPV: v2 and GPV: v11 cold 5
Run #10: gpt vs gpt -> Game: chickengame with SPV: v2 and GPV: v9 cold 5
Run #10: gpt vs gpt -> Game: chickengame with SPV: v2 and GPV: v10 cold 5
Run #10: gpt vs gpt -> Game: chickengame with SPV: v2 and GPV: v11 cold 5
