Run #1: gpt vs gpt -> Game: ultimatumgame with SPV: v2 and GPV: v1 cold 5
Run #1: gpt vs gpt -> Game: ultimatumgame with SPV: v2 and GPV: v2 cold 5
Run #1: gpt vs gpt -> Game: ultimatumgame with SPV: v2 and GPV: v3 cold 5
Traceback (most recent call last):
  File "/cluster/home/shmittal/LLMIdentifiers/main.py", line 303, in <module>
    answer_0 = extract_json(agent_0.ultimatumgame_prompt(
               ^^^^^^^^^^^^^^^^^^^^^^^^^^^^^^^^^^^^^^^^^^
  File "/cluster/home/shmittal/LLMIdentifiers/main.py", line 112, in extract_json
    raise ValueError(f"No JSON found in the text: {text}")
ValueError: No JSON found in the text: {
 "reasoning": "I will offer $30 to the other entity. This amount is enough to make the offer
Run #2: gpt vs gpt -> Game: ultimatumgame with SPV: v2 and GPV: v1 cold 5
Run #2: gpt vs gpt -> Game: ultimatumgame with SPV: v2 and GPV: v2 cold 5
Run #2: gpt vs gpt -> Game: ultimatumgame with SPV: v2 and GPV: v3 cold 5
Run #3: gpt vs gpt -> Game: ultimatumgame with SPV: v2 and GPV: v1 cold 5
Run #3: gpt vs gpt -> Game: ultimatumgame with SPV: v2 and GPV: v2 cold 5
Run #3: gpt vs gpt -> Game: ultimatumgame with SPV: v2 and GPV: v3 cold 5
Run #4: gpt vs gpt -> Game: ultimatumgame with SPV: v2 and GPV: v1 cold 5
Run #4: gpt vs gpt -> Game: ultimatumgame with SPV: v2 and GPV: v2 cold 5
Run #4: gpt vs gpt -> Game: ultimatumgame with SPV: v2 and GPV: v3 cold 5
Run #5: gpt vs gpt -> Game: ultimatumgame with SPV: v2 and GPV: v1 cold 5
Run #5: gpt vs gpt -> Game: ultimatumgame with SPV: v2 and GPV: v2 cold 5
Run #5: gpt vs gpt -> Game: ultimatumgame with SPV: v2 and GPV: v3 cold 5
Run #6: gpt vs gpt -> Game: ultimatumgame with SPV: v2 and GPV: v1 cold 5
Run #6: gpt vs gpt -> Game: ultimatumgame with SPV: v2 and GPV: v2 cold 5
Run #6: gpt vs gpt -> Game: ultimatumgame with SPV: v2 and GPV: v3 cold 5
Run #7: gpt vs gpt -> Game: ultimatumgame with SPV: v2 and GPV: v1 cold 5
Run #7: gpt vs gpt -> Game: ultimatumgame with SPV: v2 and GPV: v2 cold 5
Run #7: gpt vs gpt -> Game: ultimatumgame with SPV: v2 and GPV: v3 cold 5
Run #8: gpt vs gpt -> Game: ultimatumgame with SPV: v2 and GPV: v1 cold 5
Run #8: gpt vs gpt -> Game: ultimatumgame with SPV: v2 and GPV: v2 cold 5
Run #8: gpt vs gpt -> Game: ultimatumgame with SPV: v2 and GPV: v3 cold 5
Run #9: gpt vs gpt -> Game: ultimatumgame with SPV: v2 and GPV: v1 cold 5
Run #9: gpt vs gpt -> Game: ultimatumgame with SPV: v2 and GPV: v2 cold 5
Run #9: gpt vs gpt -> Game: ultimatumgame with SPV: v2 and GPV: v3 cold 5
Run #10: gpt vs gpt -> Game: ultimatumgame with SPV: v2 and GPV: v1 cold 5
Run #10: gpt vs gpt -> Game: ultimatumgame with SPV: v2 and GPV: v2 cold 5
Run #10: gpt vs gpt -> Game: ultimatumgame with SPV: v2 and GPV: v3 cold 5
